stdio/msx/fgetc_cons
stdio/msx/getk
stdio/msx/fputc_cons
graphics/msx/clg
graphics/clga
graphics/clrarea
graphics/circle
graphics/dcircle2
graphics/draw
graphics/drawb
graphics/drawr
graphics/line
graphics/liner2
graphics/plot
graphics/msx/plotpixl
graphics/point
graphics/msx/pointxy
graphics/multipoint
graphics/uncircle
graphics/undraw
graphics/undrawb
graphics/undrawr
graphics/msx/respixl
graphics/unplot
graphics/drawbox
graphics/setxy
graphics/msx/fill
graphics/putsprite3
graphics/msx/swapgfxbk
graphics/xorborder
graphics/msx/xorpixl
graphics/xorplot
games/msx/joystick
games/msx/bit_open
games/msx/bit_open_di
games/msx/bit_close
games/msx/bit_close_ei
games/bit_click
games/bit_play
games/bit_fx
games/bit_fx2
games/bit_fx3
games/bit_fx4
games/bit_synth
games/bit_frequency
games/bit_beep
games/beeper
msx/msx_blank
msx/msx_break
msx/msx_breakoff
msx/msx_breakon
msx/msx_clearkey
msx/msx_color
msx/msx_initpsg
msx/msx_lpt
msx/msx_noblank
msx/msx_readpsg
msx/msx_screen
msx/msx_screenmode
msx/msx_sound
msx/msx_type
msx/msx_text
msx/msx_vpeek
msx/msx_vpoke
msx/msx_vram
msx/msxbasic
msx/msxextrom
msx/msxrompage
@z80.lst
