ctype/isalpha
ctype/isalnum
ctype/isascii
ctype/iscntrl
ctype/isdigit
ctype/islower
ctype/isprint
ctype/ispunct
ctype/isspace
ctype/isupper
ctype/isxdigit
ctype/toascii
ctype/tolower
ctype/toupper
stdlib/itoa
stdlib/abs
stdlib/atoi
stdlib/labs
stdlib/atexit
stdlib/exit
stdlib/rand
stdlib/srand
stdlib/strtol
stdlib/strtoul
strings/memset
strings/memcmp
strings/memcpy
strings/memchr
strings/reverse
strings/strcat
strings/strchr
strings/strcmp
strings/strcpy
strings/strcspn
strings/stricmp
strings/strlen
strings/strlwr
strings/strncat
strings/strncmp
strings/strncpy
strings/strnicmp
strings/strpbrk
strings/strpos
strings/strrchr
strings/strrstr
strings/strrstrip
strings/strspn
strings/strstr
strings/strstrip
strings/strtok
strings/strupr
rex/DsPrintf
rex/DsPrintfe
rex/input8
rex/output8
rex/syscall0
rex/syscall1
rex/syscall1p
rex/syscall2
rex/syscall3
rex/syscall4
rex/syscall4d
rex/syscall5
rex/syscall5p
rex/syscall6
rex/syscall6p
rex/syscallex
rex/syscallexl
rex/DbFindRecord
rex/DbGetRecordCount
rex/DbReadField
rex/DbUpdateField
rex/DbInsertRecord
rex/DbReadRecord
rex/DbUpdateRecord
rex/DbReadText
rex/DbInsertText
rex/DbDeleteText
rex/DsTrace
rex/farcall/farcall
rex/farcall/farcalld
rex/farcall/findlib
rex/graphics/pixaddr
rex/graphics/setpix
rex/graphics/setpixsave
rex/graphics/set4pix
rex/graphics/ellset4pix
rex/graphics/DsClearScreen
rex/graphics/DsFillScreen
rex/graphics/DsGetPixelAddr
rex/graphics/DsSetPixel
rex/graphics/DsDisplayCircle
rex/graphics/DsDisplayEllipse
setjmp/longjmp
setjmp/setjmp

