input/spectrum/in_GetKey
input/spectrum/in_GetKeyReset
input/spectrum/in_Inkey
input/spectrum/in_JoyFuller
input/spectrum/in_JoyKempston
input/spectrum/in_JoyKeyboard
input/spectrum/in_JoySinclair1
input/spectrum/in_JoySinclair2
input/spectrum/in_JoyTimex1
input/spectrum/in_JoyTimex2
input/spectrum/in_KeyPressed
input/spectrum/in_keytranstbl
input/spectrum/in_LookupKey
input/spectrum/in_MouseAMX
input/spectrum/in_MouseAMX_callee
input/spectrum/in_MouseAMXInit
input/spectrum/in_MouseAMXInit_callee
input/spectrum/in_MouseAMXSetPos
input/spectrum/in_MouseAMXSetPos_callee
input/spectrum/in_MouseKemp
input/spectrum/in_MouseKemp_callee
input/spectrum/in_MouseKempInit
input/spectrum/in_MouseKempSetPos
input/spectrum/in_MouseKempSetPos_callee
input/spectrum/in_MouseSim
input/spectrum/in_MouseSimInit
input/spectrum/in_MouseSimSetPos
input/spectrum/in_Pause
input/spectrum/in_Wait
input/spectrum/in_WaitForKey
input/spectrum/in_WaitForNoKey
input/spectrum/INMouseAMX
input/spectrum/INMouseKemp
input/spectrum/INMouseSim
stdio/sam/fgetc_cons
stdio/ansi/f_ansi
stdio/ansi/f_ansi_lf
stdio/ansi/f_ansi_putc
stdio/ansi/fputc_cons
stdio/ansi/puts_cons
stdio/ansi/f_ansi_dsr6
stdio/ansi/sam/f_ansi_attr
stdio/ansi/sam/f_ansi_bel
stdio/ansi/sam/f_ansi_char
stdio/ansi/sam/f_ansi_cls
stdio/ansi/sam/f_ansi_default
stdio/ansi/sam/f_ansi_dline
stdio/ansi/sam/f_ansi_restore
stdio/ansi/sam/f_ansi_scrollup
stdio/sam/getk
time/spectrum/clock
graphics/circle
graphics/clg
graphics/clga
graphics/clrarea
graphics/clsgraph
graphics/dcircle
graphics/draw
graphics/drawb
graphics/drawr
graphics/lbitmask
graphics/lftscrol
graphics/line
graphics/liner
graphics/lscroll
graphics/plot
graphics/plotpixl
graphics/point
graphics/pointxy
graphics/multipoint
graphics/rbitmask
graphics/respixl
graphics/rscroll
graphics/uncircle
graphics/undraw
graphics/undrawb
graphics/undrawr
graphics/unplot
graphics/drawbox
graphics/setxy
graphics/fill
graphics/dfill
graphics/getsprite
graphics/spectrum/putsprite
graphics/spectrum/bksave
graphics/spectrum/bkrestore
graphics/spectrum/rowtab
graphics/spectrum/pixladdr2
graphics/sam/swapgfxbk
graphics/xorborder
graphics/xorplot
graphics/xorpixl
games/joystick
games/sam/bit_open
games/sam/bit_open_di
games/sam/bit_close
games/sam/bit_close_ei
games/bit_click
games/bit_play
games/bit_fx
games/bit_fx2
games/bit_fx3
games/bit_fx4
games/bit_synth
games/bit_frequency
games/bit_beep
games/sam/beeper
spectrum/zx_attr
spectrum/zx_attr_callee
spectrum/zx_border
spectrum/zx_break
spectrum/zx_aaddr2cx
spectrum/zx_aaddr2cy
spectrum/zx_aaddr2px
spectrum/zx_aaddr2py
spectrum/zx_aaddr2saddr
spectrum/zx_aaddrcdown
spectrum/zx_aaddrcleft
spectrum/zx_aaddrcright
spectrum/zx_aaddrcup
spectrum/zx_cy2aaddr
spectrum/zx_cy2saddr
spectrum/zx_cyx2aaddr
spectrum/zx_cyx2aaddr_callee
spectrum/zx_cyx2saddr
spectrum/zx_cyx2saddr_callee
spectrum/zx_pxy2aaddr
spectrum/zx_pxy2aaddr_callee
spectrum/zx_pxy2saddr
spectrum/zx_pxy2saddr_callee
spectrum/zx_py2aaddr
spectrum/zx_py2saddr
spectrum/zx_saddr2aaddr
spectrum/zx_saddr2cx
spectrum/zx_saddr2cy
spectrum/zx_saddr2px
spectrum/zx_saddr2px_callee
spectrum/zx_saddr2py
spectrum/zx_saddrcdown
spectrum/zx_saddrcleft
spectrum/zx_saddrcright
spectrum/zx_saddrcup
spectrum/zx_saddrpdown
spectrum/zx_saddrpleft
spectrum/zx_saddrpleft_callee
spectrum/zx_saddrpright
spectrum/zx_saddrpright_callee
spectrum/zx_saddrpup
@z80.lst
