ctype/isalpha
ctype/isalnum
ctype/isascii
ctype/iscntrl
ctype/isdigit
ctype/isgraph
ctype/islower
ctype/isprint
ctype/ispunct
ctype/isspace
ctype/isupper
ctype/isxdigit
ctype/toascii
ctype/tolower
ctype/toupper
stdio/closeall
stdio/fchkstd
stdio/fclose
stdio/feof
stdio/fgetc
stdio/fgetpos
stdio/fgets
stdio/fopen
stdio/fopen_z88
stdio/fputc
stdio/fputs
stdio/fread
stdio/freopen
stdio/freopen_z88
stdio/ftell
stdio/fwrite
stdio/gets
stdio/vfprintf_mini
stdio/printn
stdio/puts
stdio/ungetc
stdio/fabandon
stdio/vz200/fgetc_cons
stdio/fgets_cons
stdio/vz200/getk
stdio/ansi/f_ansi
stdio/ansi/f_ansi_lf
stdio/ansi/f_ansi_putc
stdio/ansi/fputc_cons
stdio/ansi/puts_cons
stdio/ansi/f_ansi_dsr6
stdio/ansi/vz200/f_ansi_attr
stdio/ansi/vz200/f_ansi_bel
stdio/ansi/vz200/f_ansi_char
stdio/ansi/vz200/f_ansi_cls
stdio/ansi/vz200/f_ansi_dline
stdio/ansi/vz200/f_ansi_scrollup
stdlib/abs
stdlib/atexit
stdlib/atoi
stdlib/atol
stdlib/bpeek
stdlib/bpoke
stdlib/bpoke_callee
stdlib/delay
stdlib/div
stdlib/div_callee
stdlib/exit
stdlib/inp
stdlib/itoa
stdlib/itoa_callee
stdlib/l_bsearch
stdlib/l_bsearch_callee
stdlib/l_qsort
stdlib/l_qsort_callee
stdlib/labs
stdlib/labs_callee
stdlib/Lbsearch
stdlib/ldiv
stdlib/ldiv_callee
stdlib/Lqsort
stdlib/ltoa
stdlib/ltoa_callee
stdlib/outp
stdlib/outp_callee
stdlib/rand
stdlib/srand
stdlib/strtol
stdlib/strtol_callee
stdlib/strtoul
stdlib/swapendian
stdlib/ultoa
stdlib/ultoa_callee
stdlib/utoa
stdlib/utoa_callee
stdlib/wpeek
stdlib/wpoke
stdlib/wpoke_callee
stdlib/getopt
stdlib/sleep
strings/memchr
strings/memcmp
strings/memcpy
strings/memmove
strings/memopi
strings/memopd
strings/memops
strings/memset
strings/memswap
strings/strcat
strings/strchr
strings/strcmp
strings/strcpy
strings/strcspn
strings/stricmp
strings/strlen
strings/strlwr
strings/strncat
strings/strncmp
strings/strncpy
strings/strnicmp
strings/strpbrk
strings/strpos
strings/strrchr
strings/strrev
strings/strrstr
strings/strrstrip
strings/strspn
strings/strstr
strings/strstrip
strings/strtok
strings/strupr
strings/memchr_callee
strings/memcmp_callee
strings/memcpy_callee
strings/memmove_callee
strings/memopd_callee
strings/memopi_callee
strings/memset_callee
strings/memswap_callee
strings/strcat_callee
strings/strchr_callee
strings/strcmp_callee
strings/strcpy_callee
strings/strcspn_callee
strings/stricmp_callee
strings/strncat_callee
strings/strncmp_callee
strings/strncpy_callee
strings/strnicmp_callee
strings/strpbrk_callee
strings/strpos_callee
strings/strrchr_callee
strings/strrstr_callee
strings/strrstrip_callee
strings/strspn_callee
strings/strstr_callee
strings/strstrip_callee
strings/strtok_callee
strings/bcmp
strings/bcopy
strings/bzero
strings/index
strings/rindex
strings/strcasecmp
strings/strncasecmp
setjmp/longjmp
setjmp/setjmp
assert/assert
printflike/printf
printflike/fprintf
printflike/sprintf
printflike/vfprintf_comp
printflike/vfprintf_fp
printflike/vsprintf
printflike/itod
printflike/itou
printflike/itox
printflike/utoi
printflike/scanf
printflike/sscanf
printflike/fscanf
printflike/vfscanf
printflike/vsscanf
graphics/circle
graphics/clg
graphics/clga
graphics/clrarea
graphics/dcircle
graphics/draw
graphics/drawb
graphics/drawr
graphics/lbitmask
graphics/lftscrol
graphics/line
graphics/liner
graphics/lscroll
graphics/plot
graphics/plotpixl
graphics/point
graphics/pointxy
graphics/rbitmask
graphics/respixl
graphics/rscroll
graphics/uncircle
graphics/undraw
graphics/undrawb
graphics/undrawr
graphics/unplot
graphics/drawbox
graphics/xorborder
graphics/xorpixl
graphics/xorplot
graphics/setxy
graphics/fill
graphics/dfill
graphics/vz200/putsprite
graphics/getsprite
graphics/vz200/bksave
graphics/vz200/bkrestore
graphics/vz200/pixladdr
graphics/vz200/swapgfxbk
graphics/vz200/clsgraph
games/joystick
printflike/ltoa_any
vz/vz_bgrd
vz/vz_brick
vz/vz_brick_callee
vz/vz_char_draw
vz/vz_clrscr
vz/vz_color
vz/vz_getch
vz/vz_gotoxy
vz/vz_gotoxy_callee
vz/vz_inch
vz/vz_line
vz/vz_line_callee
vz/vz_midstr
vz/vz_midstr_callee
vz/vz_mode
vz/vz_plot
vz/vz_plot_callee
vz/vz_score
vz/vz_score_callee
vz/vz_setbase
vz/vz_shape
vz/vz_sound
vz/vz_sound_callee
vz/vz_soundcopy
vz/vz_soundcopy_callee
