ctype/isalpha
ctype/isalnum
ctype/isascii
ctype/iscntrl
ctype/isdigit
ctype/islower
ctype/isprint
ctype/ispunct
ctype/isspace
ctype/isupper
ctype/isxdigit
ctype/toascii
ctype/tolower
ctype/toupper
stdio/closeall
stdio/fchkstd
stdio/fclose
stdio/feof
stdio/fgetc
stdio/fgetpos
stdio/fgets
stdio/fopen
stdio/fopen_z88
stdio/fdopen
stdio/fputc
stdio/fputs
stdio/fread
stdio/freopen
stdio/freopen_z88
stdio/fseek
stdio/ftell
stdio/fwrite
stdio/vfprintf_mini
stdio/printk
stdio/printn
stdio/puts
stdio/ungetc
stdio/fabandon
stdio/z88/fgetc_cons
stdio/z88/fgets_cons
stdio/z88/fputc_cons
stdio/z88/getcmd
stdio/z88/getk
stdio/z88/gets
stdio/z88/puts_cons
fcntl/z88/fdgetpos
fcntl/z88/fdtell
fcntl/z88/rename
fcntl/z88/remove
fcntl/z88/open
fcntl/z88/open_z88
fcntl/z88/close
fcntl/z88/lseek
fcntl/z88/read
fcntl/z88/creat
fcntl/z88/write
fcntl/z88/readbyte
fcntl/z88/writebyte
fcntl/z88/stat
fcntl/z88/opendor
fcntl/z88/closedor
fcntl/z88/readdor
fcntl/z88/writedor
fcntl/z88/deletedor
fcntl/z88/sondor
fcntl/z88/brotherdor
stdlib/abs
stdlib/labs
stdlib/atexit
stdlib/exit
stdlib/getopt
stdlib/itoa
stdlib/rand
stdlib/srand
stdlib/strtol
stdlib/strtoul
stdlib/z88/atoi
stdlib/z88/atol
stdlib/z88/getcwd
stdlib/z88/mkdir
stdlib/z88/sleep
stdlib/z88/csleep
strings/memset
strings/memcmp
strings/memcpy
strings/memchr
strings/reverse
strings/strcat
strings/strchr
strings/strcmp
strings/strcpy
strings/strcspn
strings/stricmp
strings/strlen
strings/strlwr
strings/strncat
strings/strncmp
strings/strncpy
strings/strnicmp
strings/strpbrk
strings/strpos
strings/strrchr
strings/strrstr
strings/strrstrip
strings/strspn
strings/strstr
strings/strstrip
strings/strtok
strings/strupr
time/gmtime
time/localtime
time/z88/clock
time/z88/time
setjmp/longjmp
setjmp/setjmp
assert/assert
printflike/printf
printflike/fprintf
printflike/sprintf
printflike/vfprintf_comp
printflike/vfprintf_fp
printflike/vsprintf
printflike/itod
printflike/itou
printflike/itox
printflike/utoi
printflike/scanf
printflike/vfscanf
printflike/vsscanf
printflike/sscanf
printflike/fscanf
games/joystick
games/z88/bit_open
games/z88/bit_open_di
games/z88/bit_close
games/z88/bit_close_ei
games/bit_click
games/bit_play
games/bit_fx
games/bit_frequency
games/bit_beep
games/z88/beeper
rs232/z88/rs232_close
rs232/z88/rs232_get
rs232/z88/rs232_init
rs232/z88/rs232_params
rs232/z88/rs232_put
printflike/ltoa_any
