restore_a000
ozcopy
memcpy
ozdetectmodel
ozinput/ozclick
ozinput/ozeditline
ozinput/ozkbdon
ozinput/ozkbdoff
ozinput/ozkeyclear
ozinput/ozkeyhit
ozinput/ozkeyupper
ozinput/ozkeylower
ozinput/ozgetch
ozinput/ozungetch
ozinterrupt/ozcustomisr
ozinterrupt/ozintwait
ozinterrupt/serial_int
ozinterrupt/ozsetisr
ozinterrupt/ozinstisr
ozmisc/ozgetautorun
ozmisc/ozportin
ozmisc/ozportout
ozmisc/ozdelay
ozmisc/ozexitto
ozmisc/ozinitsound
ozmisc/ozsound
ozmisc/ozquiet
ozscreen/ozsetcontrast
ozscreen/ozgetcontrast
ozscreen/ozblankscreen
ozscreen/ozunblankscreen
ozscreen/ozfast
ozscreen/ozsetlight
ozscreen/oztogglelight
ozscreen/ozsetlcdstate
oztime/oztime
oztime/ozhour
oztime/ozmin
oztime/ozsec
oztime/ozweekday
oztime/ozday
oztime/ozmonth
oztime/ozyear
oztime/oztimecompute
ozgfx/ozdisplayputbyte
ozgfx/ozdisplayorbyte
ozgfx/ozdisplayandbyte
ozgfx/ozsetfont
ozgfx/ozgetfont
ozgfx/ozputs
ozgfx/ozfontpointers
ozgfx/ozputch
ozgfx/ozrestorescreen
ozgfx/ozsavescreen
ozgfx/ozscroll
ozgfx/ozscrolldown
ozgfx/ozscrollclear
ozgfx/ozscrolllinesclear
ozgfx/ozactivatedisplaypage
ozgfx/ozdisplayactivepage
ozgfx/ozgetactivepage
ozgfx/ozgetdisplaypage
ozgfx/ozsetactivepage
ozgfx/ozsetdisplaypage
ozgfx/ozswapactivedisplay
ozgfx/ozputsprite
ozserial/ozsnap
ozserial/ozclearserialbuffer
ozserial/ozgetrxhandshaking
ozserial/ozsetrxhandshaking
ozserial/ozserialgetc
ozserial/ozserialin
ozserial/ozserialout
ozserial/ozserinton
ozserial/ozserintoff
ozserial/ozdatabits
ozserial/ozstopbits
ozserial/ozparity
ozserial/ozsetbaud
ozserial/ozgetbaud
ozserial/ozsetlcr
ozserial/ozgetlcr
emu/ozgfx/ozbox
emu/ozgfx/ozfilledbox
emu/ozgfx/ozcircle
emu/ozgfx/ozline
emu/ozgfx/ozhline
emu/ozgfx/ozvline
emu/ozgfx/ozplotpixel
emu/ozgfx/ozpoint
emu/ozgfx/ozpointcolor
emu/ozgfx/ozgetpoint
